// Jest Snapshot v1, https://goo.gl/fbAQLP

exports[`Todo component should check/uncleck completed/not completed matches snapshot 1`] = `
<div
  data-testid="todo-test-1"
>
  <label>
    <input
      checked={true}
      id="checkbox"
      onChange={[Function]}
      type="checkbox"
    />
    Acabar esto nuevamente
  </label>
</div>
`;
